<?xml version="1.0" encoding="utf-8"?><testsuites><testsuite name="pytest" errors="0" failures="0" skipped="0" tests="1" time="0.366" timestamp="2024-04-23T16:35:31.223239" hostname="DESKTOP-DO5JQ5P"><testcase classname="test.test_example" name="test_github_api" time="0.287" /></testsuite></testsuites>